#
# There is insufficient memory for the Java Runtime Environment to continue.
# Native memory allocation (malloc) failed to allocate 1048576 bytes. Error detail: AllocateHeap
# Possible reasons:
#   The system is out of physical RAM or swap space
#   This process is running with CompressedOops enabled, and the Java Heap may be blocking the growth of the native heap
# Possible solutions:
#   Reduce memory load on the system
#   Increase physical memory or swap space
#   Check if swap backing store is full
#   Decrease Java heap size (-Xmx/-Xms)
#   Decrease number of Java threads
#   Decrease Java thread stack sizes (-Xss)
#   Set larger code cache with -XX:ReservedCodeCacheSize=
#   JVM is running with Unscaled Compressed Oops mode in which the Java heap is
#     placed in the first 4GB address space. The Java Heap base address is the
#     maximum limit for the native heap growth. Please use -XX:HeapBaseMinAddress
#     to set the Java Heap base and to place the Java Heap above 4GB virtual address.
# This output file may be truncated or incomplete.
#
#  Out of Memory Error (allocation.cpp:44), pid=11920, tid=12948
#
# JRE version: OpenJDK Runtime Environment Temurin-21.0.12.1+1 (21.0.12.1+1) (build 21.0.12.1+1-LTS)
# Java VM: OpenJDK 64-Bit Server VM Temurin-21.0.12.1+1 (21.0.12.1+1-LTS, mixed mode, sharing, tiered, compressed oops, compressed class ptrs, parallel gc, windows-amd64)
# No core dump will be written. Minidumps are not enabled by default on client versions of Windows
#

---------------  S U M M A R Y ------------

Command Line: --add-modules=ALL-SYSTEM --add-opens=java.base/java.util=ALL-UNNAMED --add-opens=java.base/java.lang=ALL-UNNAMED --add-opens=java.base/sun.nio.fs=ALL-UNNAMED -Declipse.application=org.eclipse.jdt.ls.core.id1 -Dosgi.bundles.defaultStartLevel=4 -Declipse.product=org.eclipse.jdt.ls.core.product -Djava.import.generatesMetadataFilesAtProjectRoot=false -Dm2e.project.cache.size=50 -DDetectVMInstallationsJob.disabled=true -Dfile.encoding=utf8 -XX:+UseParallelGC -XX:GCTimeRatio=4 -XX:AdaptiveSizePolicyWeight=90 -Dsun.zip.disableMemoryMapping=true -Xmx2G -Xms100m -Xlog:disable -javaagent:c:\Users\patil\.vscode\extensions\redhat.java-1.56.0-win32-x64\lombok\lombok-1.18.39-4050.jar -XX:+HeapDumpOnOutOfMemoryError -XX:HeapDumpPath=c:\Users\patil\AppData\Roaming\Code\User\workspaceStorage\ab666589032850b3f7dae6f0dc77d72e\redhat.java -Daether.dependencyCollector.impl=bf c:\Users\patil\.vscode\extensions\redhat.java-1.56.0-win32-x64\server\plugins\org.eclipse.equinox.launcher_1.8.0.v20260804-1928.jar -configuration c:\Users\patil\AppData\Roaming\Code\User\globalStorage\redhat.java\1.56.0\config_win -data c:\Users\patil\AppData\Roaming\Code\User\workspaceStorage\ab666589032850b3f7dae6f0dc77d72e\redhat.java\jdt_ws --stdio

Host: AMD Ryzen 3 3300U with Radeon Vega Mobile Gfx  , 4 cores, 3G,  Windows 11 , 64 bit Build 26100 (10.0.26100.9444)
Time: Tue Sep 22 11:32:22 2026 India Standard Time elapsed time: 7388.216311 seconds (0d 2h 3m 8s)

---------------  T H R E A D  ---------------

Current thread (0x0000015a69293120):  JavaThread "Attach Listener" daemon [_thread_in_vm, id=12948, stack(0x00000035cdc00000,0x00000035cdd00000) (1024K)]

Stack: [0x00000035cdc00000,0x00000035cdd00000]
Native frames: (J=compiled Java code, j=interpreted, Vv=VM code, C=native code)
V  [jvm.dll+0x6d83e9]
V  [jvm.dll+0x8b5736]
V  [jvm.dll+0x8b7cee]
V  [jvm.dll+0x8b83d3]
V  [jvm.dll+0x284596]
V  [jvm.dll+0xc13c7]
V  [jvm.dll+0x6d8c99]
V  [jvm.dll+0x133616]
V  [jvm.dll+0x3f8aae]
V  [jvm.dll+0x8600cd]
V  [jvm.dll+0x6d6c1d]
C  [ucrtbase.dll+0x2cd30]
C  [KERNEL32.DLL+0x2cd87]
C  [ntdll.dll+0xacaec]


---------------  P R O C E S S  ---------------

Threads class SMR info:
_java_thread_list=0x0000015a70e14c20, length=27, elements={
0x0000015a5289b050, 0x0000015a5295a440, 0x0000015a6928ff90, 0x0000015a692924c0,
0x0000015a69293120, 0x0000015a69293d80, 0x0000015a692967f0, 0x0000015a69299990,
0x0000015a69312940, 0x0000015a6e134100, 0x0000015a6e27c4c0, 0x0000015a6e7edf40,
0x0000015a6ea60680, 0x0000015a6ea34840, 0x0000015a6ea32990, 0x0000015a6f148860,
0x0000015a6e23c4b0, 0x0000015a6e317e30, 0x0000015a6ede64e0, 0x0000015a6ede57c0,
0x0000015a6f633480, 0x0000015a6f630d20, 0x0000015a6f634ec0, 0x0000015a6fc3f250,
0x0000015a6fc41320, 0x0000015a6fc3ebc0, 0x0000015a6f6313b0
}

Java Threads: ( => current thread )
  0x0000015a5289b050 JavaThread "main"                              [_thread_blocked, id=12912, stack(0x00000035cd500000,0x00000035cd600000) (1024K)]
  0x0000015a5295a440 JavaThread "Reference Handler"          daemon [_thread_blocked, id=12916, stack(0x00000035cd900000,0x00000035cda00000) (1024K)]
  0x0000015a6928ff90 JavaThread "Finalizer"                  daemon [_thread_blocked, id=12876, stack(0x00000035cda00000,0x00000035cdb00000) (1024K)]
  0x0000015a692924c0 JavaThread "Signal Dispatcher"          daemon [_thread_blocked, id=12952, stack(0x00000035cdb00000,0x00000035cdc00000) (1024K)]
=>0x0000015a69293120 JavaThread "Attach Listener"            daemon [_thread_in_vm, id=12948, stack(0x00000035cdc00000,0x00000035cdd00000) (1024K)]
  0x0000015a69293d80 JavaThread "Service Thread"             daemon [_thread_blocked, id=12996, stack(0x00000035cdd00000,0x00000035cde00000) (1024K)]
  0x0000015a692967f0 JavaThread "Monitor Deflation Thread"   daemon [_thread_blocked, id=12992, stack(0x00000035cde00000,0x00000035cdf00000) (1024K)]
  0x0000015a69299990 JavaThread "C2 CompilerThread0"         daemon [_thread_blocked, id=12988, stack(0x00000035cdf00000,0x00000035ce000000) (1024K)]
  0x0000015a69312940 JavaThread "C1 CompilerThread0"         daemon [_thread_blocked, id=12976, stack(0x00000035ce000000,0x00000035ce100000) (1024K)]
  0x0000015a6e134100 JavaThread "Common-Cleaner"             daemon [_thread_blocked, id=12968, stack(0x00000035ce100000,0x00000035ce200000) (1024K)]
  0x0000015a6e27c4c0 JavaThread "Notification Thread"        daemon [_thread_blocked, id=12940, stack(0x00000035ce200000,0x00000035ce300000) (1024K)]
  0x0000015a6e7edf40 JavaThread "Active Thread: Equinox Container: 55344014-b027-4194-9c29-d638a8229eb3"        [_thread_blocked, id=13076, stack(0x00000035ce600000,0x00000035ce700000) (1024K)]
  0x0000015a6ea60680 JavaThread "Refresh Thread: Equinox Container: 55344014-b027-4194-9c29-d638a8229eb3" daemon [_thread_blocked, id=13028, stack(0x00000035ce700000,0x00000035ce800000) (1024K)]
  0x0000015a6ea34840 JavaThread "Framework Event Dispatcher: Equinox Container: 55344014-b027-4194-9c29-d638a8229eb3" daemon [_thread_blocked, id=13060, stack(0x00000035ce800000,0x00000035ce900000) (1024K)]
  0x0000015a6ea32990 JavaThread "Start Level: Equinox Container: 55344014-b027-4194-9c29-d638a8229eb3" daemon [_thread_blocked, id=13068, stack(0x00000035ce900000,0x00000035cea00000) (1024K)]
  0x0000015a6f148860 JavaThread "Bundle File Closer"         daemon [_thread_blocked, id=13044, stack(0x00000035cea00000,0x00000035ceb00000) (1024K)]
  0x0000015a6e23c4b0 JavaThread "SCR Component Actor"        daemon [_thread_blocked, id=4704, stack(0x00000035ceb00000,0x00000035cec00000) (1024K)]
  0x0000015a6e317e30 JavaThread "Worker-JM"                         [_thread_blocked, id=13256, stack(0x00000035cec00000,0x00000035ced00000) (1024K)]
  0x0000015a6ede64e0 JavaThread "JNA Cleaner"                daemon [_thread_blocked, id=13188, stack(0x00000035ced00000,0x00000035cee00000) (1024K)]
  0x0000015a6ede57c0 JavaThread "Java indexing"              daemon [_thread_blocked, id=13292, stack(0x00000035cf100000,0x00000035cf200000) (1024K)]
  0x0000015a6f633480 JavaThread "pool-2-thread-1"                   [_thread_blocked, id=11452, stack(0x00000035cf700000,0x00000035cf800000) (1024K)]
  0x0000015a6f630d20 JavaThread "WorkspaceEventsHandler"            [_thread_blocked, id=6568, stack(0x00000035cf800000,0x00000035cf900000) (1024K)]
  0x0000015a6f634ec0 JavaThread "pool-1-thread-1"                   [_thread_in_native, id=528, stack(0x00000035cf900000,0x00000035cfa00000) (1024K)]
  0x0000015a6fc3f250 JavaThread "Cleaner-0"                  daemon [_thread_blocked, id=12368, stack(0x00000035d0700000,0x00000035d0800000) (1024K)]
  0x0000015a6fc41320 JavaThread "Worker-17"                         [_thread_blocked, id=12248, stack(0x00000035cff00000,0x00000035d0000000) (1024K)]
  0x0000015a6fc3ebc0 JavaThread "Worker-19"                         [_thread_blocked, id=9760, stack(0x00000035cd300000,0x00000035cd400000) (1024K)]
  0x0000015a6f6313b0 JavaThread "PatternSearchJob-worker-7"  daemon [_thread_blocked, id=12044, stack(0x00000035cee00000,0x00000035cef00000) (1024K)]
Total: 27

Other Threads:
  0x0000015a6928f9e0 VMThread "VM Thread"                           [id=12884, stack(0x00000035cd800000,0x00000035cd900000) (1024K)]
  0x0000015a6922ba00 WatcherThread "VM Periodic Task Thread"        [id=12900, stack(0x00000035cd700000,0x00000035cd800000) (1024K)]
  0x0000015a528bc120 WorkerThread "GC Thread#0"                     [id=12904, stack(0x00000035cd600000,0x00000035cd700000) (1024K)]
  0x0000015a6e35e190 WorkerThread "GC Thread#1"                     [id=12960, stack(0x00000035ce300000,0x00000035ce400000) (1024K)]
  0x0000015a6e35e540 WorkerThread "GC Thread#2"                     [id=12944, stack(0x00000035ce400000,0x00000035ce500000) (1024K)]
  0x0000015a6e35e8f0 WorkerThread "GC Thread#3"                     [id=12980, stack(0x00000035ce500000,0x00000035ce600000) (1024K)]
Total: 6

Threads with active compile tasks:
Total: 0

VM state: not at safepoint (normal execution)

VM Mutex/Monitor currently owned by a thread: None

Heap address: 0x0000000080000000, size: 2048 MB, Compressed Oops mode: 32-bit

CDS archive(s) mapped at: [0x0000015a00000000-0x0000015a00ba0000-0x0000015a00ba0000), size 12189696, SharedBaseAddress: 0x0000015a00000000, ArchiveRelocationMode: 1.
Compressed class space mapped at: 0x0000015a01000000-0x0000015a41000000, reserved size: 1073741824
Narrow klass base: 0x0000015a00000000, Narrow klass shift: 0, Narrow klass range: 0x100000000

GC Precious Log:
 CardTable entry size: 512
 CPUs: 4 total, 4 available
 Memory: 3530M
 Large Page Support: Disabled
 NUMA Support: Disabled
 Compressed Oops: Enabled (32-bit)
 Alignments: Space 512K, Generation 512K, Heap 2M
 Heap Min Capacity: 100M
 Heap Initial Capacity: 100M
 Heap Max Capacity: 2G
 Pre-touch: Disabled
 Parallel Workers: 4

Heap:
 PSYoungGen      total 2560K, used 480K [0x00000000d5580000, 0x00000000d5980000, 0x0000000100000000)
  eden space 2048K, 3% used [0x00000000d5580000,0x00000000d5590328,0x00000000d5780000)
  from space 512K, 81% used [0x00000000d5900000,0x00000000d5968000,0x00000000d5980000)
  to   space 512K, 0% used [0x00000000d5880000,0x00000000d5880000,0x00000000d5900000)
 ParOldGen       total 1344000K, used 540992K [0x0000000080000000, 0x00000000d2080000, 0x00000000d5580000)
  object space 1344000K, 40% used [0x0000000080000000,0x00000000a1050130,0x00000000d2080000)
 Metaspace       used 90002K, committed 91840K, reserved 1179648K
  class space    used 9011K, committed 9920K, reserved 1048576K

Card table byte_map: [0x0000015a52270000,0x0000015a52680000] _byte_map_base: 0x0000015a51e70000

Marking Bits: (ParMarkBitMap*) 0x00007ffe0bb644a0
 Begin Bits: [0x0000015a64d50000, 0x0000015a66d50000)
 End Bits:   [0x0000015a66d50000, 0x0000015a68d50000)

Polling page: 0x0000015a52060000

Metaspace:

Usage:
  Non-class:     79.09 MB used.
      Class:      8.80 MB used.
       Both:     87.89 MB used.

Virtual space:
  Non-class space:      128.00 MB reserved,      80.00 MB ( 62%) committed,  2 nodes.
      Class space:        1.00 GB reserved,       9.69 MB ( <1%) committed,  1 nodes.
             Both:        1.12 GB reserved,      89.69 MB (  8%) committed. 

Chunk freelists:
   Non-Class:  15.58 MB
       Class:  6.46 MB
        Both:  22.03 MB

MaxMetaspaceSize: unlimited
CompressedClassSpaceSize: 1.00 GB
Initial GC threshold: 21.00 MB
Current GC threshold: 147.19 MB
CDS: on
 - commit_granule_bytes: 65536.
 - commit_granule_words: 8192.
 - virtual_space_node_default_size: 8388608.
 - enlarge_chunks_in_place: 1.
 - use_allocation_guard: 0.


Internal statistics:

num_allocs_failed_limit: 9.
num_arena_births: 1760.
num_arena_deaths: 462.
num_vsnodes_births: 3.
num_vsnodes_deaths: 0.
num_space_committed: 1444.
num_space_uncommitted: 6.
num_chunks_returned_to_freelist: 618.
num_chunks_taken_from_freelist: 6417.
num_chunk_merges: 162.
num_chunk_splits: 3648.
num_chunks_enlarged: 1980.
num_inconsistent_stats: 0.

CodeHeap 'non-profiled nmethods': size=120000Kb used=22393Kb max_used=22393Kb free=97606Kb
 bounds [0x0000015a5d570000, 0x0000015a5eb50000, 0x0000015a64aa0000]
CodeHeap 'profiled nmethods': size=120000Kb used=49122Kb max_used=50607Kb free=70877Kb
 bounds [0x0000015a55aa0000, 0x0000015a58c10000, 0x0000015a5cfd0000]
CodeHeap 'non-nmethods': size=5760Kb used=1512Kb max_used=1592Kb free=4247Kb
 bounds [0x0000015a5cfd0000, 0x0000015a5d240000, 0x0000015a5d570000]
CodeCache: size=245760Kb, used=73027Kb, max_used=74592Kb, free=172730Kb
 total_blobs=20815, nmethods=19983, adapters=731, full_count=0
Compilation: enabled, stopped_count=0, restarted_count=0

Compilation events (20 events):
Event: 6779.843 Thread 0x0000015a69312940 23816       3       java.util.logging.LogManager::demandLogger (23 bytes)
Event: 6779.863 Thread 0x0000015a69312940 nmethod 23816 0x0000015a57beb290 code [0x0000015a57beb440, 0x0000015a57beb608]
Event: 6779.863 Thread 0x0000015a69312940 23817       3       java.util.logging.LogManager::demandLogger (53 bytes)
Event: 6779.868 Thread 0x0000015a69312940 nmethod 23817 0x0000015a575da690 code [0x0000015a575da8c0, 0x0000015a575daf18]
Event: 7139.212 Thread 0x0000015a69312940 23818   !   3       org.eclipse.jdt.internal.core.search.matching.JavaSearchNameEnvironment::mapToClassPathLocation (219 bytes)
Event: 7139.294 Thread 0x0000015a69312940 nmethod 23818 0x0000015a55f99190 code [0x0000015a55f995a0, 0x0000015a55f9b4a0]
Event: 7139.546 Thread 0x0000015a69299990 23819       4       org.eclipse.jdt.internal.compiler.parser.Parser::consumeExpressionStatement (53 bytes)
Event: 7139.551 Thread 0x0000015a69312940 23820       3       org.eclipse.jdt.internal.compiler.ast.BinaryExpression::traverse (34 bytes)
Event: 7139.562 Thread 0x0000015a69312940 nmethod 23820 0x0000015a55f98990 code [0x0000015a55f98b80, 0x0000015a55f99030]
Event: 7139.562 Thread 0x0000015a69312940 23821       3       org.eclipse.jdt.internal.compiler.ASTVisitor::endVisit (1 bytes)
Event: 7139.562 Thread 0x0000015a69312940 nmethod 23821 0x0000015a56c43910 code [0x0000015a56c43aa0, 0x0000015a56c43ba8]
Event: 7139.587 Thread 0x0000015a69299990 nmethod 23819 0x0000015a5eb49f10 code [0x0000015a5eb4a0c0, 0x0000015a5eb4a538]
Event: 7139.766 Thread 0x0000015a69299990 23822       4       java.util.stream.ReferencePipeline::wrap (11 bytes)
Event: 7139.773 Thread 0x0000015a69299990 nmethod 23822 0x0000015a5eb4a790 code [0x0000015a5eb4a920, 0x0000015a5eb4aa40]
Event: 7139.774 Thread 0x0000015a69299990 23823       4       org.eclipse.jdt.internal.compiler.lookup.ParameterizedTypeBinding::getSingleAbstractMethod (9 bytes)
Event: 7139.791 Thread 0x0000015a69299990 nmethod 23823 0x0000015a5eb4ab10 code [0x0000015a5eb4aca0, 0x0000015a5eb4ad60]
Event: 7139.791 Thread 0x0000015a69299990 23824       4       org.eclipse.jdt.internal.compiler.lookup.ParameterizedTypeBinding::getSingleAbstractMethod (410 bytes)
Event: 7140.004 Thread 0x0000015a69299990 nmethod 23824 0x0000015a5eb4ae10 code [0x0000015a5eb4b1e0, 0x0000015a5eb4cb10]
Event: 7140.005 Thread 0x0000015a69299990 23825       4       org.eclipse.jdt.internal.compiler.lookup.ParameterizedTypeBinding::isRawSubstitution (5 bytes)
Event: 7140.005 Thread 0x0000015a69299990 nmethod 23825 0x0000015a5eb4e390 code [0x0000015a5eb4e520, 0x0000015a5eb4e5e0]

GC Heap History (20 events):
Event: 4663.131 GC heap before
{Heap before GC invocations=2551 (full 5):
 PSYoungGen      total 3072K, used 2880K [0x00000000d5580000, 0x00000000d5b80000, 0x0000000100000000)
  eden space 2560K, 100% used [0x00000000d5580000,0x00000000d5800000,0x00000000d5800000)
  from space 512K, 62% used [0x00000000d5b00000,0x00000000d5b50040,0x00000000d5b80000)
  to   space 512K, 0% used [0x00000000d5a80000,0x00000000d5a80000,0x00000000d5b00000)
 ParOldGen       total 1344000K, used 531535K [0x0000000080000000, 0x00000000d2080000, 0x00000000d5580000)
  object space 1344000K, 39% used [0x0000000080000000,0x00000000a0713fa0,0x00000000d2080000)
 Metaspace       used 89971K, committed 91840K, reserved 1179648K
  class space    used 9006K, committed 9920K, reserved 1048576K
}
Event: 4663.135 GC heap after
{Heap after GC invocations=2551 (full 5):
 PSYoungGen      total 3072K, used 512K [0x00000000d5580000, 0x00000000d5b80000, 0x0000000100000000)
  eden space 2560K, 0% used [0x00000000d5580000,0x00000000d5580000,0x00000000d5800000)
  from space 512K, 100% used [0x00000000d5a80000,0x00000000d5b00000,0x00000000d5b00000)
  to   space 512K, 0% used [0x00000000d5b00000,0x00000000d5b00000,0x00000000d5b80000)
 ParOldGen       total 1344000K, used 531751K [0x0000000080000000, 0x00000000d2080000, 0x00000000d5580000)
  object space 1344000K, 39% used [0x0000000080000000,0x00000000a0749fd0,0x00000000d2080000)
 Metaspace       used 89971K, committed 91840K, reserved 1179648K
  class space    used 9006K, committed 9920K, reserved 1048576K
}
Event: 4663.384 GC heap before
{Heap before GC invocations=2552 (full 5):
 PSYoungGen      total 3072K, used 3072K [0x00000000d5580000, 0x00000000d5b80000, 0x0000000100000000)
  eden space 2560K, 100% used [0x00000000d5580000,0x00000000d5800000,0x00000000d5800000)
  from space 512K, 100% used [0x00000000d5a80000,0x00000000d5b00000,0x00000000d5b00000)
  to   space 512K, 0% used [0x00000000d5b00000,0x00000000d5b00000,0x00000000d5b80000)
 ParOldGen       total 1344000K, used 531751K [0x0000000080000000, 0x00000000d2080000, 0x00000000d5580000)
  object space 1344000K, 39% used [0x0000000080000000,0x00000000a0749fd0,0x00000000d2080000)
 Metaspace       used 89974K, committed 91840K, reserved 1179648K
  class space    used 9006K, committed 9920K, reserved 1048576K
}
Event: 4663.391 GC heap after
{Heap after GC invocations=2552 (full 5):
 PSYoungGen      total 3072K, used 512K [0x00000000d5580000, 0x00000000d5b80000, 0x0000000100000000)
  eden space 2560K, 0% used [0x00000000d5580000,0x00000000d5580000,0x00000000d5800000)
  from space 512K, 100% used [0x00000000d5b00000,0x00000000d5b80000,0x00000000d5b80000)
  to   space 1536K, 0% used [0x00000000d5880000,0x00000000d5880000,0x00000000d5a00000)
 ParOldGen       total 1344000K, used 532512K [0x0000000080000000, 0x00000000d2080000, 0x00000000d5580000)
  object space 1344000K, 39% used [0x0000000080000000,0x00000000a08081e0,0x00000000d2080000)
 Metaspace       used 89974K, committed 91840K, reserved 1179648K
  class space    used 9006K, committed 9920K, reserved 1048576K
}
Event: 7138.902 GC heap before
{Heap before GC invocations=2553 (full 5):
 PSYoungGen      total 3072K, used 3072K [0x00000000d5580000, 0x00000000d5b80000, 0x0000000100000000)
  eden space 2560K, 100% used [0x00000000d5580000,0x00000000d5800000,0x00000000d5800000)
  from space 512K, 100% used [0x00000000d5b00000,0x00000000d5b80000,0x00000000d5b80000)
  to   space 1536K, 0% used [0x00000000d5880000,0x00000000d5880000,0x00000000d5a00000)
 ParOldGen       total 1344000K, used 532512K [0x0000000080000000, 0x00000000d2080000, 0x00000000d5580000)
  object space 1344000K, 39% used [0x0000000080000000,0x00000000a08081e0,0x00000000d2080000)
 Metaspace       used 90000K, committed 91840K, reserved 1179648K
  class space    used 9011K, committed 9920K, reserved 1048576K
}
Event: 7139.059 GC heap after
{Heap after GC invocations=2553 (full 5):
 PSYoungGen      total 4096K, used 660K [0x00000000d5580000, 0x00000000d5b80000, 0x0000000100000000)
  eden space 2560K, 0% used [0x00000000d5580000,0x00000000d5580000,0x00000000d5800000)
  from space 1536K, 43% used [0x00000000d5880000,0x00000000d5925220,0x00000000d5a00000)
  to   space 1024K, 0% used [0x00000000d5a80000,0x00000000d5a80000,0x00000000d5b80000)
 ParOldGen       total 1344000K, used 533012K [0x0000000080000000, 0x00000000d2080000, 0x00000000d5580000)
  object space 1344000K, 39% used [0x0000000080000000,0x00000000a08850d0,0x00000000d2080000)
 Metaspace       used 90000K, committed 91840K, reserved 1179648K
  class space    used 9011K, committed 9920K, reserved 1048576K
}
Event: 7139.174 GC heap before
{Heap before GC invocations=2554 (full 5):
 PSYoungGen      total 4096K, used 3124K [0x00000000d5580000, 0x00000000d5b80000, 0x0000000100000000)
  eden space 2560K, 96% used [0x00000000d5580000,0x00000000d57e8020,0x00000000d5800000)
  from space 1536K, 43% used [0x00000000d5880000,0x00000000d5925220,0x00000000d5a00000)
  to   space 1024K, 0% used [0x00000000d5a80000,0x00000000d5a80000,0x00000000d5b80000)
 ParOldGen       total 1344000K, used 533012K [0x0000000080000000, 0x00000000d2080000, 0x00000000d5580000)
  object space 1344000K, 39% used [0x0000000080000000,0x00000000a08850d0,0x00000000d2080000)
 Metaspace       used 90000K, committed 91840K, reserved 1179648K
  class space    used 9011K, committed 9920K, reserved 1048576K
}
Event: 7139.179 GC heap after
{Heap after GC invocations=2554 (full 5):
 PSYoungGen      total 3072K, used 1017K [0x00000000d5580000, 0x00000000d5e00000, 0x0000000100000000)
  eden space 2048K, 0% used [0x00000000d5580000,0x00000000d5580000,0x00000000d5780000)
  from space 1024K, 99% used [0x00000000d5a80000,0x00000000d5b7e428,0x00000000d5b80000)
  to   space 3072K, 0% used [0x00000000d5780000,0x00000000d5780000,0x00000000d5a80000)
 ParOldGen       total 1344000K, used 534626K [0x0000000080000000, 0x00000000d2080000, 0x00000000d5580000)
  object space 1344000K, 39% used [0x0000000080000000,0x00000000a0a18be8,0x00000000d2080000)
 Metaspace       used 90000K, committed 91840K, reserved 1179648K
  class space    used 9011K, committed 9920K, reserved 1048576K
}
Event: 7139.265 GC heap before
{Heap before GC invocations=2555 (full 5):
 PSYoungGen      total 3072K, used 3065K [0x00000000d5580000, 0x00000000d5e00000, 0x0000000100000000)
  eden space 2048K, 100% used [0x00000000d5580000,0x00000000d5780000,0x00000000d5780000)
  from space 1024K, 99% used [0x00000000d5a80000,0x00000000d5b7e428,0x00000000d5b80000)
  to   space 3072K, 0% used [0x00000000d5780000,0x00000000d5780000,0x00000000d5a80000)
 ParOldGen       total 1344000K, used 534626K [0x0000000080000000, 0x00000000d2080000, 0x00000000d5580000)
  object space 1344000K, 39% used [0x0000000080000000,0x00000000a0a18be8,0x00000000d2080000)
 Metaspace       used 90000K, committed 91840K, reserved 1179648K
  class space    used 9011K, committed 9920K, reserved 1048576K
}
Event: 7139.270 GC heap after
{Heap after GC invocations=2555 (full 5):
 PSYoungGen      total 4096K, used 1917K [0x00000000d5580000, 0x00000000d5c80000, 0x0000000100000000)
  eden space 2048K, 0% used [0x00000000d5580000,0x00000000d5580000,0x00000000d5780000)
  from space 2048K, 93% used [0x00000000d5780000,0x00000000d595f7f0,0x00000000d5980000)
  to   space 2560K, 0% used [0x00000000d5a00000,0x00000000d5a00000,0x00000000d5c80000)
 ParOldGen       total 1344000K, used 535644K [0x0000000080000000, 0x00000000d2080000, 0x00000000d5580000)
  object space 1344000K, 39% used [0x0000000080000000,0x00000000a0b17198,0x00000000d2080000)
 Metaspace       used 90000K, committed 91840K, reserved 1179648K
  class space    used 9011K, committed 9920K, reserved 1048576K
}
Event: 7139.367 GC heap before
{Heap before GC invocations=2556 (full 5):
 PSYoungGen      total 4096K, used 3965K [0x00000000d5580000, 0x00000000d5c80000, 0x0000000100000000)
  eden space 2048K, 100% used [0x00000000d5580000,0x00000000d5780000,0x00000000d5780000)
  from space 2048K, 93% used [0x00000000d5780000,0x00000000d595f7f0,0x00000000d5980000)
  to   space 2560K, 0% used [0x00000000d5a00000,0x00000000d5a00000,0x00000000d5c80000)
 ParOldGen       total 1344000K, used 535644K [0x0000000080000000, 0x00000000d2080000, 0x00000000d5580000)
  object space 1344000K, 39% used [0x0000000080000000,0x00000000a0b17198,0x00000000d2080000)
 Metaspace       used 90000K, committed 91840K, reserved 1179648K
  class space    used 9011K, committed 9920K, reserved 1048576K
}
Event: 7139.376 GC heap after
{Heap after GC invocations=2556 (full 5):
 PSYoungGen      total 4096K, used 1857K [0x00000000d5580000, 0x00000000d5c00000, 0x0000000100000000)
  eden space 2048K, 0% used [0x00000000d5580000,0x00000000d5580000,0x00000000d5780000)
  from space 2048K, 90% used [0x00000000d5a00000,0x00000000d5bd0698,0x00000000d5c00000)
  to   space 2048K, 0% used [0x00000000d5780000,0x00000000d5780000,0x00000000d5980000)
 ParOldGen       total 1344000K, used 537501K [0x0000000080000000, 0x00000000d2080000, 0x00000000d5580000)
  object space 1344000K, 39% used [0x0000000080000000,0x00000000a0ce7798,0x00000000d2080000)
 Metaspace       used 90000K, committed 91840K, reserved 1179648K
  class space    used 9011K, committed 9920K, reserved 1048576K
}
Event: 7139.577 GC heap before
{Heap before GC invocations=2557 (full 5):
 PSYoungGen      total 4096K, used 3905K [0x00000000d5580000, 0x00000000d5c00000, 0x0000000100000000)
  eden space 2048K, 100% used [0x00000000d5580000,0x00000000d5780000,0x00000000d5780000)
  from space 2048K, 90% used [0x00000000d5a00000,0x00000000d5bd0698,0x00000000d5c00000)
  to   space 2048K, 0% used [0x00000000d5780000,0x00000000d5780000,0x00000000d5980000)
 ParOldGen       total 1344000K, used 537501K [0x0000000080000000, 0x00000000d2080000, 0x00000000d5580000)
  object space 1344000K, 39% used [0x0000000080000000,0x00000000a0ce7798,0x00000000d2080000)
 Metaspace       used 90002K, committed 91840K, reserved 1179648K
  class space    used 9011K, committed 9920K, reserved 1048576K
}
Event: 7139.584 GC heap after
{Heap after GC invocations=2557 (full 5):
 PSYoungGen      total 3584K, used 1257K [0x00000000d5580000, 0x00000000d5a80000, 0x0000000100000000)
  eden space 2048K, 0% used [0x00000000d5580000,0x00000000d5580000,0x00000000d5780000)
  from space 1536K, 81% used [0x00000000d5780000,0x00000000d58ba688,0x00000000d5900000)
  to   space 1536K, 0% used [0x00000000d5900000,0x00000000d5900000,0x00000000d5a80000)
 ParOldGen       total 1344000K, used 539287K [0x0000000080000000, 0x00000000d2080000, 0x00000000d5580000)
  object space 1344000K, 40% used [0x0000000080000000,0x00000000a0ea5c50,0x00000000d2080000)
 Metaspace       used 90002K, committed 91840K, reserved 1179648K
  class space    used 9011K, committed 9920K, reserved 1048576K
}
Event: 7139.633 GC heap before
{Heap before GC invocations=2558 (full 5):
 PSYoungGen      total 3584K, used 3305K [0x00000000d5580000, 0x00000000d5a80000, 0x0000000100000000)
  eden space 2048K, 100% used [0x00000000d5580000,0x00000000d5780000,0x00000000d5780000)
  from space 1536K, 81% used [0x00000000d5780000,0x00000000d58ba688,0x00000000d5900000)
  to   space 1536K, 0% used [0x00000000d5900000,0x00000000d5900000,0x00000000d5a80000)
 ParOldGen       total 1344000K, used 539287K [0x0000000080000000, 0x00000000d2080000, 0x00000000d5580000)
  object space 1344000K, 40% used [0x0000000080000000,0x00000000a0ea5c50,0x00000000d2080000)
 Metaspace       used 90002K, committed 91840K, reserved 1179648K
  class space    used 9011K, committed 9920K, reserved 1048576K
}
Event: 7139.642 GC heap after
{Heap after GC invocations=2558 (full 5):
 PSYoungGen      total 2560K, used 352K [0x00000000d5580000, 0x00000000d5980000, 0x0000000100000000)
  eden space 2048K, 0% used [0x00000000d5580000,0x00000000d5580000,0x00000000d5780000)
  from space 512K, 68% used [0x00000000d5900000,0x00000000d5958000,0x00000000d5980000)
  to   space 1024K, 0% used [0x00000000d5780000,0x00000000d5780000,0x00000000d5880000)
 ParOldGen       total 1344000K, used 540456K [0x0000000080000000, 0x00000000d2080000, 0x00000000d5580000)
  object space 1344000K, 40% used [0x0000000080000000,0x00000000a0fca130,0x00000000d2080000)
 Metaspace       used 90002K, committed 91840K, reserved 1179648K
  class space    used 9011K, committed 9920K, reserved 1048576K
}
Event: 7139.688 GC heap before
{Heap before GC invocations=2559 (full 5):
 PSYoungGen      total 2560K, used 2400K [0x00000000d5580000, 0x00000000d5980000, 0x0000000100000000)
  eden space 2048K, 100% used [0x00000000d5580000,0x00000000d5780000,0x00000000d5780000)
  from space 512K, 68% used [0x00000000d5900000,0x00000000d5958000,0x00000000d5980000)
  to   space 1024K, 0% used [0x00000000d5780000,0x00000000d5780000,0x00000000d5880000)
 ParOldGen       total 1344000K, used 540456K [0x0000000080000000, 0x00000000d2080000, 0x00000000d5580000)
  object space 1344000K, 40% used [0x0000000080000000,0x00000000a0fca130,0x00000000d2080000)
 Metaspace       used 90002K, committed 91840K, reserved 1179648K
  class space    used 9011K, committed 9920K, reserved 1048576K
}
Event: 7139.694 GC heap after
{Heap after GC invocations=2559 (full 5):
 PSYoungGen      total 3072K, used 352K [0x00000000d5580000, 0x00000000d5980000, 0x0000000100000000)
  eden space 2048K, 0% used [0x00000000d5580000,0x00000000d5580000,0x00000000d5780000)
  from space 1024K, 34% used [0x00000000d5780000,0x00000000d57d8000,0x00000000d5880000)
  to   space 512K, 0% used [0x00000000d5900000,0x00000000d5900000,0x00000000d5980000)
 ParOldGen       total 1344000K, used 540728K [0x0000000080000000, 0x00000000d2080000, 0x00000000d5580000)
  object space 1344000K, 40% used [0x0000000080000000,0x00000000a100e130,0x00000000d2080000)
 Metaspace       used 90002K, committed 91840K, reserved 1179648K
  class space    used 9011K, committed 9920K, reserved 1048576K
}
Event: 7139.944 GC heap before
{Heap before GC invocations=2560 (full 5):
 PSYoungGen      total 3072K, used 2400K [0x00000000d5580000, 0x00000000d5980000, 0x0000000100000000)
  eden space 2048K, 100% used [0x00000000d5580000,0x00000000d5780000,0x00000000d5780000)
  from space 1024K, 34% used [0x00000000d5780000,0x00000000d57d8000,0x00000000d5880000)
  to   space 512K, 0% used [0x00000000d5900000,0x00000000d5900000,0x00000000d5980000)
 ParOldGen       total 1344000K, used 540728K [0x0000000080000000, 0x00000000d2080000, 0x00000000d5580000)
  object space 1344000K, 40% used [0x0000000080000000,0x00000000a100e130,0x00000000d2080000)
 Metaspace       used 90002K, committed 91840K, reserved 1179648K
  class space    used 9011K, committed 9920K, reserved 1048576K
}
Event: 7139.947 GC heap after
{Heap after GC invocations=2560 (full 5):
 PSYoungGen      total 2560K, used 416K [0x00000000d5580000, 0x00000000d5980000, 0x0000000100000000)
  eden space 2048K, 0% used [0x00000000d5580000,0x00000000d5580000,0x00000000d5780000)
  from space 512K, 81% used [0x00000000d5900000,0x00000000d5968000,0x00000000d5980000)
  to   space 512K, 0% used [0x00000000d5880000,0x00000000d5880000,0x00000000d5900000)
 ParOldGen       total 1344000K, used 540992K [0x0000000080000000, 0x00000000d2080000, 0x00000000d5580000)
  object space 1344000K, 40% used [0x0000000080000000,0x00000000a1050130,0x00000000d2080000)
 Metaspace       used 90002K, committed 91840K, reserved 1179648K
  class space    used 9011K, committed 9920K, reserved 1048576K
}

Dll operation events (20 events):
Event: 0.443 Attempting to load shared library C:\Users\patil\.vscode\extensions\redhat.java-1.56.0-win32-x64\jre\21.0.12.1-win32-x86_64\bin\nio.dll
Event: 0.444 Loaded shared library C:\Users\patil\.vscode\extensions\redhat.java-1.56.0-win32-x64\jre\21.0.12.1-win32-x86_64\bin\nio.dll
Event: 0.461 Attempting to load shared library C:\Users\patil\.vscode\extensions\redhat.java-1.56.0-win32-x64\jre\21.0.12.1-win32-x86_64\bin\zip.dll
Event: 0.461 Loaded shared library C:\Users\patil\.vscode\extensions\redhat.java-1.56.0-win32-x64\jre\21.0.12.1-win32-x86_64\bin\zip.dll
Event: 0.675 Attempting to load shared library C:\Users\patil\.vscode\extensions\redhat.java-1.56.0-win32-x64\jre\21.0.12.1-win32-x86_64\bin\jimage.dll
Event: 0.675 Loaded shared library C:\Users\patil\.vscode\extensions\redhat.java-1.56.0-win32-x64\jre\21.0.12.1-win32-x86_64\bin\jimage.dll
Event: 1.009 Attempting to load shared library c:\Users\patil\.vscode\extensions\redhat.java-1.56.0-win32-x64\jre\21.0.12.1-win32-x86_64\bin\verify.dll
Event: 1.010 Loaded shared library c:\Users\patil\.vscode\extensions\redhat.java-1.56.0-win32-x64\jre\21.0.12.1-win32-x86_64\bin\verify.dll
Event: 5.151 Attempting to load shared library C:\Users\patil\AppData\Roaming\Code\User\globalStorage\redhat.java\1.56.0\config_win\org.eclipse.equinox.launcher\org.eclipse.equinox.launcher.win32.win32.x86_64_1.3.100.v20260804-1928\eclipse_11924.dll
Event: 5.156 Loaded shared library C:\Users\patil\AppData\Roaming\Code\User\globalStorage\redhat.java\1.56.0\config_win\org.eclipse.equinox.launcher\org.eclipse.equinox.launcher.win32.win32.x86_64_1.3.100.v20260804-1928\eclipse_11924.dll
Event: 14.195 Attempting to load shared library C:\Users\patil\AppData\Local\Temp\jna-106438918\jna2902743337549823519.dll
Event: 14.341 Loaded shared library C:\Users\patil\AppData\Local\Temp\jna-106438918\jna2902743337549823519.dll
Event: 23.850 Attempting to load shared library C:\Users\patil\.vscode\extensions\redhat.java-1.56.0-win32-x64\jre\21.0.12.1-win32-x86_64\bin\management.dll
Event: 23.868 Loaded shared library C:\Users\patil\.vscode\extensions\redhat.java-1.56.0-win32-x64\jre\21.0.12.1-win32-x86_64\bin\management.dll
Event: 23.872 Attempting to load shared library C:\Users\patil\.vscode\extensions\redhat.java-1.56.0-win32-x64\jre\21.0.12.1-win32-x86_64\bin\management_ext.dll
Event: 24.047 Loaded shared library C:\Users\patil\.vscode\extensions\redhat.java-1.56.0-win32-x64\jre\21.0.12.1-win32-x86_64\bin\management_ext.dll
Event: 1133.694 Attempting to load shared library C:\Users\patil\.vscode\extensions\redhat.java-1.56.0-win32-x64\jre\21.0.12.1-win32-x86_64\bin\extnet.dll
Event: 1133.808 Loaded shared library C:\Users\patil\.vscode\extensions\redhat.java-1.56.0-win32-x64\jre\21.0.12.1-win32-x86_64\bin\extnet.dll
Event: 1134.008 Attempting to load shared library C:\Users\patil\.vscode\extensions\redhat.java-1.56.0-win32-x64\jre\21.0.12.1-win32-x86_64\bin\sunmscapi.dll
Event: 1134.017 Loaded shared library C:\Users\patil\.vscode\extensions\redhat.java-1.56.0-win32-x64\jre\21.0.12.1-win32-x86_64\bin\sunmscapi.dll

Deoptimization events (20 events):
Event: 4592.482 Thread 0x0000015a6f637cb0 Uncommon trap: trap_request=0xffffff45 fr.pc=0x0000015a5dfa5514 relative=0x00000000000005d4
Event: 4592.484 Thread 0x0000015a6f637cb0 Uncommon trap: reason=unstable_if action=reinterpret pc=0x0000015a5dfa5514 method=java.util.concurrent.ForkJoinPool.awaitWork(Ljava/util/concurrent/ForkJoinPool$WorkQueue;)I @ 281 c2
Event: 4592.484 Thread 0x0000015a6f637cb0 DEOPT PACKING pc=0x0000015a5dfa5514 sp=0x00000035cf2ff1b0
Event: 4592.485 Thread 0x0000015a6f637cb0 DEOPT UNPACKING pc=0x0000015a5d023aa2 sp=0x00000035cf2ff140 mode 2
Event: 4620.403 Thread 0x0000015a6f635550 DEOPT PACKING pc=0x0000015a57aec61c sp=0x00000035cf5fdfb0
Event: 4620.403 Thread 0x0000015a6f635550 DEOPT UNPACKING pc=0x0000015a5d024242 sp=0x00000035cf5fd3b8 mode 0
Event: 4620.585 Thread 0x0000015a6f635550 Uncommon trap: trap_request=0xffffff45 fr.pc=0x0000015a5eb1b778 relative=0x0000000000000f38
Event: 4620.585 Thread 0x0000015a6f635550 Uncommon trap: reason=unstable_if action=reinterpret pc=0x0000015a5eb1b778 method=org.eclipse.jdt.internal.compiler.lookup.Scope.findDefaultAbstractMethod(Lorg/eclipse/jdt/internal/compiler/lookup/ReferenceBinding;[C[Lorg/eclipse/jdt/internal/compiler/loo
Event: 4620.585 Thread 0x0000015a6f635550 DEOPT PACKING pc=0x0000015a5eb1b778 sp=0x00000035cf5fdc50
Event: 4620.586 Thread 0x0000015a6f635550 DEOPT UNPACKING pc=0x0000015a5d023aa2 sp=0x00000035cf5fdbd8 mode 2
Event: 4620.592 Thread 0x0000015a6f635550 Uncommon trap: trap_request=0xffffffcc fr.pc=0x0000015a5eb20188 relative=0x00000000000030c8
Event: 4620.592 Thread 0x0000015a6f635550 Uncommon trap: reason=intrinsic_or_type_checked_inlining action=make_not_entrant pc=0x0000015a5eb20188 method=org.eclipse.jdt.internal.compiler.lookup.BoundSet$ThreeSets.flattenInto([Lorg/eclipse/jdt/internal/compiler/lookup/TypeBound;I)I @ 30 c2
Event: 4620.594 Thread 0x0000015a6f635550 DEOPT PACKING pc=0x0000015a5eb20188 sp=0x00000035cf5fd6d0
Event: 4620.594 Thread 0x0000015a6f635550 DEOPT UNPACKING pc=0x0000015a5d023aa2 sp=0x00000035cf5fd560 mode 2
Event: 4620.966 Thread 0x0000015a6f635550 DEOPT PACKING pc=0x0000015a56ac138d sp=0x00000035cf5fea80
Event: 4620.966 Thread 0x0000015a6f635550 DEOPT UNPACKING pc=0x0000015a5d024242 sp=0x00000035cf5fdf50 mode 0
Event: 7138.864 Thread 0x0000015a6f632df0 Uncommon trap: trap_request=0xffffff45 fr.pc=0x0000015a5e229d2c relative=0x00000000000052ec
Event: 7138.866 Thread 0x0000015a6f632df0 Uncommon trap: reason=unstable_if action=reinterpret pc=0x0000015a5e229d2c method=org.eclipse.jdt.internal.core.JavaModelManager.getArchiveValidity(Lorg/eclipse/core/runtime/IPath;)Lorg/eclipse/jdt/internal/core/JavaModelManager$ArchiveValidity; @ 63 c2
Event: 7138.867 Thread 0x0000015a6f632df0 DEOPT PACKING pc=0x0000015a5e229d2c sp=0x00000035cd4fe200
Event: 7138.873 Thread 0x0000015a6f632df0 DEOPT UNPACKING pc=0x0000015a5d023aa2 sp=0x00000035cd4fe088 mode 2

Classes loaded (20 events):
Event: 1135.530 Loading class java/lang/invoke/MethodHandleImpl$TableSwitchCacheKey
Event: 1135.530 Loading class java/lang/invoke/MethodHandleImpl$TableSwitchCacheKey done
Event: 1135.618 Loading class java/util/zip/CheckedInputStream
Event: 1135.620 Loading class java/util/zip/CheckedInputStream done
Event: 1135.624 Loading class java/nio/HeapByteBufferR
Event: 1135.625 Loading class java/nio/HeapByteBufferR done
Event: 1135.675 Loading class java/util/zip/GZIPInputStream$1
Event: 1135.676 Loading class java/util/zip/GZIPInputStream$1 done
Event: 1157.716 Loading class javax/xml/transform/TransformerConfigurationException
Event: 1157.718 Loading class javax/xml/transform/TransformerConfigurationException done
Event: 1435.323 Loading class java/util/LinkedList$LLSpliterator
Event: 1435.342 Loading class java/util/LinkedList$LLSpliterator done
Event: 3645.237 Loading class sun/security/ssl/Alert
Event: 3645.305 Loading class sun/security/ssl/Alert done
Event: 3645.325 Loading class sun/security/ssl/Alert$AlertConsumer
Event: 3645.334 Loading class sun/security/ssl/Alert$AlertConsumer done
Event: 3645.334 Loading class sun/security/ssl/Alert$Level
Event: 3645.338 Loading class sun/security/ssl/Alert$Level done
Event: 3657.466 Loading class java/io/CharArrayWriter
Event: 3657.468 Loading class java/io/CharArrayWriter done

Classes unloaded (20 events):
Event: 3640.050 Thread 0x0000015a6928f9e0 Unloading class 0x0000015a0100d800 'java/lang/invoke/LambdaForm$MH+0x0000015a0100d800'
Event: 3640.051 Thread 0x0000015a6928f9e0 Unloading class 0x0000015a0100d400 'java/lang/invoke/LambdaForm$MH+0x0000015a0100d400'
Event: 3640.051 Thread 0x0000015a6928f9e0 Unloading class 0x0000015a0100d000 'java/lang/invoke/LambdaForm$MH+0x0000015a0100d000'
Event: 3640.051 Thread 0x0000015a6928f9e0 Unloading class 0x0000015a0100cc00 'java/lang/invoke/LambdaForm$MH+0x0000015a0100cc00'
Event: 3640.051 Thread 0x0000015a6928f9e0 Unloading class 0x0000015a0100c800 'java/lang/invoke/LambdaForm$BMH+0x0000015a0100c800'
Event: 3640.051 Thread 0x0000015a6928f9e0 Unloading class 0x0000015a0100c000 'java/lang/invoke/LambdaForm$DMH+0x0000015a0100c000'
Event: 3640.052 Thread 0x0000015a6928f9e0 Unloading class 0x0000015a01008c00 'java/lang/invoke/LambdaForm$MH+0x0000015a01008c00'
Event: 3640.052 Thread 0x0000015a6928f9e0 Unloading class 0x0000015a01008800 'java/lang/invoke/LambdaForm$MH+0x0000015a01008800'
Event: 3640.052 Thread 0x0000015a6928f9e0 Unloading class 0x0000015a01008400 'java/lang/invoke/LambdaForm$MH+0x0000015a01008400'
Event: 3640.053 Thread 0x0000015a6928f9e0 Unloading class 0x0000015a01007000 'java/lang/invoke/LambdaForm$MH+0x0000015a01007000'
Event: 3640.053 Thread 0x0000015a6928f9e0 Unloading class 0x0000015a01006800 'java/lang/invoke/LambdaForm$MH+0x0000015a01006800'
Event: 3640.053 Thread 0x0000015a6928f9e0 Unloading class 0x0000015a01006400 'java/lang/invoke/LambdaForm$MH+0x0000015a01006400'
Event: 3640.053 Thread 0x0000015a6928f9e0 Unloading class 0x0000015a01006000 'java/lang/invoke/LambdaForm$MH+0x0000015a01006000'
Event: 3640.053 Thread 0x0000015a6928f9e0 Unloading class 0x0000015a01005c00 'java/lang/invoke/LambdaForm$BMH+0x0000015a01005c00'
Event: 3640.053 Thread 0x0000015a6928f9e0 Unloading class 0x0000015a01004800 'java/lang/invoke/LambdaForm$DMH+0x0000015a01004800'
Event: 3640.053 Thread 0x0000015a6928f9e0 Unloading class 0x0000015a01002800 'java/lang/invoke/LambdaForm$MH+0x0000015a01002800'
Event: 3640.054 Thread 0x0000015a6928f9e0 Unloading class 0x0000015a01002400 'java/lang/invoke/LambdaForm$MH+0x0000015a01002400'
Event: 3640.054 Thread 0x0000015a6928f9e0 Unloading class 0x0000015a01002000 'java/lang/invoke/LambdaForm$MH+0x0000015a01002000'
Event: 3640.054 Thread 0x0000015a6928f9e0 Unloading class 0x0000015a01001800 'java/lang/invoke/LambdaForm$MH+0x0000015a01001800'
Event: 3640.054 Thread 0x0000015a6928f9e0 Unloading class 0x0000015a01000400 'java/lang/invoke/LambdaForm$MH+0x0000015a01000400'

Classes redefined (0 events):
No events

Internal exceptions (20 events):
Event: 7139.542 Thread 0x0000015a6f632df0 Implicit null exception at 0x0000015a57a7f39b to 0x0000015a57a7f955
Event: 7139.543 Thread 0x0000015a6f632df0 Exception <a 'java/lang/NullPointerException'{0x00000000d575bd38}> (0x00000000d575bd38) 
thrown [s\src\hotspot\share\runtime\sharedRuntime.cpp, line 625]
Event: 7139.543 Thread 0x0000015a6f632df0 Implicit null exception at 0x0000015a57a7f39b to 0x0000015a57a7f955
Event: 7139.543 Thread 0x0000015a6f632df0 Exception <a 'java/lang/NullPointerException'{0x00000000d575c598}> (0x00000000d575c598) 
thrown [s\src\hotspot\share\runtime\sharedRuntime.cpp, line 625]
Event: 7139.543 Thread 0x0000015a6f632df0 Implicit null exception at 0x0000015a57a7f39b to 0x0000015a57a7f955
Event: 7139.543 Thread 0x0000015a6f632df0 Exception <a 'java/lang/NullPointerException'{0x00000000d575cd50}> (0x00000000d575cd50) 
thrown [s\src\hotspot\share\runtime\sharedRuntime.cpp, line 625]
Event: 7139.543 Thread 0x0000015a6f632df0 Implicit null exception at 0x0000015a57a7f39b to 0x0000015a57a7f955
Event: 7139.543 Thread 0x0000015a6f632df0 Exception <a 'java/lang/NullPointerException'{0x00000000d575d7c0}> (0x00000000d575d7c0) 
thrown [s\src\hotspot\share\runtime\sharedRuntime.cpp, line 625]
Event: 7139.544 Thread 0x0000015a6f632df0 Implicit null exception at 0x0000015a57a7f39b to 0x0000015a57a7f955
Event: 7139.544 Thread 0x0000015a6f632df0 Exception <a 'java/lang/NullPointerException'{0x00000000d575e780}> (0x00000000d575e780) 
thrown [s\src\hotspot\share\runtime\sharedRuntime.cpp, line 625]
Event: 7139.544 Thread 0x0000015a6f632df0 Implicit null exception at 0x0000015a57a7f39b to 0x0000015a57a7f955
Event: 7139.544 Thread 0x0000015a6f632df0 Exception <a 'java/lang/NullPointerException'{0x00000000d575eeb8}> (0x00000000d575eeb8) 
thrown [s\src\hotspot\share\runtime\sharedRuntime.cpp, line 625]
Event: 7139.553 Thread 0x0000015a6f632df0 Implicit null exception at 0x0000015a57a7f39b to 0x0000015a57a7f955
Event: 7139.553 Thread 0x0000015a6f632df0 Exception <a 'java/lang/NullPointerException'{0x00000000d5760ec0}> (0x00000000d5760ec0) 
thrown [s\src\hotspot\share\runtime\sharedRuntime.cpp, line 625]
Event: 7139.553 Thread 0x0000015a6f632df0 Implicit null exception at 0x0000015a57a7f39b to 0x0000015a57a7f955
Event: 7139.553 Thread 0x0000015a6f632df0 Exception <a 'java/lang/NullPointerException'{0x00000000d5761628}> (0x00000000d5761628) 
thrown [s\src\hotspot\share\runtime\sharedRuntime.cpp, line 625]
Event: 7139.553 Thread 0x0000015a6f632df0 Implicit null exception at 0x0000015a57a7f39b to 0x0000015a57a7f955
Event: 7139.553 Thread 0x0000015a6f632df0 Exception <a 'java/lang/NullPointerException'{0x00000000d5761f08}> (0x00000000d5761f08) 
thrown [s\src\hotspot\share\runtime\sharedRuntime.cpp, line 625]
Event: 7139.553 Thread 0x0000015a6f632df0 Implicit null exception at 0x0000015a57a7f39b to 0x0000015a57a7f955
Event: 7139.553 Thread 0x0000015a6f632df0 Exception <a 'java/lang/NullPointerException'{0x00000000d5762730}> (0x00000000d5762730) 
thrown [s\src\hotspot\share\runtime\sharedRuntime.cpp, line 625]

ZGC Phase Switch (0 events):
No events

VM Operations (20 events):
Event: 7139.688 Executing safepoint VM operation: ParallelGCFailedAllocation (Allocation Failure)
Event: 7139.694 Executing safepoint VM operation: ParallelGCFailedAllocation (Allocation Failure) done
Event: 7139.944 Executing safepoint VM operation: ParallelGCFailedAllocation (Allocation Failure)
Event: 7139.947 Executing safepoint VM operation: ParallelGCFailedAllocation (Allocation Failure) done
Event: 7156.409 Executing non-safepoint VM operation: HandshakeAllThreads (HandshakeForDeflation)
Event: 7156.410 Executing non-safepoint VM operation: HandshakeAllThreads (HandshakeForDeflation) done
Event: 7156.410 Executing non-safepoint VM operation: RendezvousGCThreads
Event: 7156.410 Executing non-safepoint VM operation: RendezvousGCThreads done
Event: 7216.422 Executing non-safepoint VM operation: HandshakeAllThreads (HandshakeForDeflation)
Event: 7216.422 Executing non-safepoint VM operation: HandshakeAllThreads (HandshakeForDeflation) done
Event: 7216.422 Executing non-safepoint VM operation: RendezvousGCThreads
Event: 7216.422 Executing non-safepoint VM operation: RendezvousGCThreads done
Event: 7276.636 Executing non-safepoint VM operation: HandshakeAllThreads (HandshakeForDeflation)
Event: 7276.636 Executing non-safepoint VM operation: HandshakeAllThreads (HandshakeForDeflation) done
Event: 7276.636 Executing non-safepoint VM operation: RendezvousGCThreads
Event: 7276.636 Executing non-safepoint VM operation: RendezvousGCThreads done
Event: 7336.644 Executing non-safepoint VM operation: HandshakeAllThreads (HandshakeForDeflation)
Event: 7336.645 Executing non-safepoint VM operation: HandshakeAllThreads (HandshakeForDeflation) done
Event: 7336.645 Executing non-safepoint VM operation: RendezvousGCThreads
Event: 7336.645 Executing non-safepoint VM operation: RendezvousGCThreads done

Memory protections (0 events):
No events

Nmethod flushes (20 events):
Event: 3643.585 Thread 0x0000015a6928f9e0 flushing  nmethod 0x0000015a57bdcb10
Event: 3643.585 Thread 0x0000015a6928f9e0 flushing osr nmethod 0x0000015a57bddd90
Event: 3643.585 Thread 0x0000015a6928f9e0 flushing  nmethod 0x0000015a57beb290
Event: 3643.585 Thread 0x0000015a6928f9e0 flushing  nmethod 0x0000015a57c06690
Event: 3643.585 Thread 0x0000015a6928f9e0 flushing  nmethod 0x0000015a57c0cb90
Event: 3643.586 Thread 0x0000015a6928f9e0 flushing  nmethod 0x0000015a57c4d010
Event: 3643.586 Thread 0x0000015a6928f9e0 flushing  nmethod 0x0000015a57c50790
Event: 3643.587 Thread 0x0000015a6928f9e0 flushing  nmethod 0x0000015a57c53010
Event: 3643.587 Thread 0x0000015a6928f9e0 flushing  nmethod 0x0000015a57cf0310
Event: 3643.587 Thread 0x0000015a6928f9e0 flushing osr nmethod 0x0000015a57db5010
Event: 3643.587 Thread 0x0000015a6928f9e0 flushing  nmethod 0x0000015a580df290
Event: 3643.587 Thread 0x0000015a6928f9e0 flushing  nmethod 0x0000015a5811c790
Event: 3643.588 Thread 0x0000015a6928f9e0 flushing  nmethod 0x0000015a5811d590
Event: 3643.588 Thread 0x0000015a6928f9e0 flushing  nmethod 0x0000015a581e7190
Event: 3643.588 Thread 0x0000015a6928f9e0 flushing  nmethod 0x0000015a585f5d90
Event: 3643.588 Thread 0x0000015a6928f9e0 flushing  nmethod 0x0000015a585f6290
Event: 3643.588 Thread 0x0000015a6928f9e0 flushing  nmethod 0x0000015a58651a90
Event: 3643.588 Thread 0x0000015a6928f9e0 flushing  nmethod 0x0000015a5865a690
Event: 3643.588 Thread 0x0000015a6928f9e0 flushing  nmethod 0x0000015a58b8cd10
Event: 3643.589 Thread 0x0000015a6928f9e0 flushing  nmethod 0x0000015a58b8d210

Events (20 events):
Event: 4625.311 Thread 0x0000015a6fc42040 Thread added: 0x0000015a6f6313b0
Event: 4625.319 Thread 0x0000015a6f6313b0 Thread exited: 0x0000015a6f6313b0
Event: 4625.358 Thread 0x0000015a6fc42040 Thread added: 0x0000015a6f6313b0
Event: 4625.359 Thread 0x0000015a6f6313b0 Thread exited: 0x0000015a6f6313b0
Event: 4652.497 Thread 0x0000015a6f631a40 Thread exited: 0x0000015a6f631a40
Event: 4680.790 Thread 0x0000015a6f632df0 Thread exited: 0x0000015a6f632df0
Event: 4685.728 Thread 0x0000015a6fc42040 Thread exited: 0x0000015a6fc42040
Event: 4712.503 Thread 0x0000015a6f637cb0 Thread exited: 0x0000015a6f637cb0
Event: 4723.529 Thread 0x0000015a6f635550 Thread exited: 0x0000015a6f635550
Event: 4783.533 Thread 0x0000015a6f635be0 Thread exited: 0x0000015a6f635be0
Event: 4832.502 Thread 0x0000015a6fc3dea0 Thread exited: 0x0000015a6fc3dea0
Event: 4832.802 Thread 0x0000015a6fc3d810 Thread exited: 0x0000015a6fc3d810
Event: 4833.955 Thread 0x0000015a6ede5130 Thread exited: 0x0000015a6ede5130
Event: 4833.965 Thread 0x0000015a6ede5e50 Thread exited: 0x0000015a6ede5e50
Event: 4920.259 Thread 0x0000015a6fc3b740 Thread exited: 0x0000015a6fc3b740
Event: 7135.910 Thread 0x0000015a6f634ec0 Thread added: 0x0000015a6f632df0
Event: 7138.620 Thread 0x0000015a6f632df0 Thread added: 0x0000015a6f6313b0
Event: 7138.622 Thread 0x0000015a6f632df0 Thread added: 0x0000015a6f631a40
Event: 7199.887 Thread 0x0000015a6f632df0 Thread exited: 0x0000015a6f632df0
Event: 7259.874 Thread 0x0000015a6f631a40 Thread exited: 0x0000015a6f631a40


Dynamic libraries:
0x00007ff6a8b20000 - 0x00007ff6a8b2e000 	c:\Users\patil\.vscode\extensions\redhat.java-1.56.0-win32-x64\jre\21.0.12.1-win32-x86_64\bin\java.exe
0x00007ffe70700000 - 0x00007ffe70967000 	C:\WINDOWS\SYSTEM32\ntdll.dll
0x00007ffe6e730000 - 0x00007ffe6e7fb000 	C:\WINDOWS\System32\KERNEL32.DLL
0x00007ffe6ddc0000 - 0x00007ffe6e1c2000 	C:\WINDOWS\System32\KERNELBASE.dll
0x00007ffe6dc60000 - 0x00007ffe6ddac000 	C:\WINDOWS\System32\ucrtbase.dll
0x00007ffe48c40000 - 0x00007ffe48c58000 	c:\Users\patil\.vscode\extensions\redhat.java-1.56.0-win32-x64\jre\21.0.12.1-win32-x86_64\bin\jli.dll
0x00007ffe6f140000 - 0x00007ffe6f30f000 	C:\WINDOWS\System32\USER32.dll
0x00007ffe6d990000 - 0x00007ffe6d9b7000 	C:\WINDOWS\System32\win32u.dll
0x00007ffe6ee50000 - 0x00007ffe6ee7b000 	C:\WINDOWS\System32\GDI32.dll
0x00007ffe6da80000 - 0x00007ffe6dba9000 	C:\WINDOWS\System32\gdi32full.dll
0x00007ffe6dbb0000 - 0x00007ffe6dc53000 	C:\WINDOWS\System32\msvcp_win.dll
0x00007ffe42360000 - 0x00007ffe4237e000 	c:\Users\patil\.vscode\extensions\redhat.java-1.56.0-win32-x64\jre\21.0.12.1-win32-x86_64\bin\VCRUNTIME140.dll
0x00007ffe50080000 - 0x00007ffe50310000 	C:\WINDOWS\WinSxS\amd64_microsoft.windows.common-controls_6595b64144ccf1df_6.0.26100.9278_none_3e0d1ba8e3303201\COMCTL32.dll
0x00007ffe6ffe0000 - 0x00007ffe70089000 	C:\WINDOWS\System32\msvcrt.dll
0x00007ffe6e4f0000 - 0x00007ffe6e521000 	C:\WINDOWS\System32\IMM32.DLL
0x00007ffe62b90000 - 0x00007ffe62b9c000 	c:\Users\patil\.vscode\extensions\redhat.java-1.56.0-win32-x64\jre\21.0.12.1-win32-x86_64\bin\vcruntime140_1.dll
0x00007ffe0dd20000 - 0x00007ffe0ddad000 	c:\Users\patil\.vscode\extensions\redhat.java-1.56.0-win32-x64\jre\21.0.12.1-win32-x86_64\bin\msvcp140.dll
0x00007ffe0aea0000 - 0x00007ffe0bc42000 	c:\Users\patil\.vscode\extensions\redhat.java-1.56.0-win32-x64\jre\21.0.12.1-win32-x86_64\bin\server\jvm.dll
0x00007ffe6f070000 - 0x00007ffe6f12c000 	C:\WINDOWS\System32\ADVAPI32.dll
0x00007ffe6e800000 - 0x00007ffe6e8a9000 	C:\WINDOWS\System32\sechost.dll
0x00007ffe6f320000 - 0x00007ffe6f438000 	C:\WINDOWS\System32\RPCRT4.dll
0x00007ffe70090000 - 0x00007ffe70110000 	C:\WINDOWS\System32\WS2_32.dll
0x00007ffe6d780000 - 0x00007ffe6d7de000 	C:\WINDOWS\SYSTEM32\POWRPROF.dll
0x00007ffe66540000 - 0x00007ffe66576000 	C:\WINDOWS\SYSTEM32\WINMM.dll
0x00007ffe66580000 - 0x00007ffe6658b000 	C:\WINDOWS\SYSTEM32\VERSION.dll
0x00007ffe6d760000 - 0x00007ffe6d775000 	C:\WINDOWS\SYSTEM32\UMPDC.dll
0x00007ffe6c5d0000 - 0x00007ffe6c5eb000 	C:\WINDOWS\SYSTEM32\kernel.appcore.dll
0x00007ffe62b00000 - 0x00007ffe62b0a000 	c:\Users\patil\.vscode\extensions\redhat.java-1.56.0-win32-x64\jre\21.0.12.1-win32-x86_64\bin\jimage.dll
0x00007ffe50330000 - 0x00007ffe5057c000 	C:\WINDOWS\SYSTEM32\DBGHELP.DLL
0x00007ffe6eac0000 - 0x00007ffe6ee45000 	C:\WINDOWS\System32\combase.dll
0x00007ffe6fce0000 - 0x00007ffe6fdb9000 	C:\WINDOWS\System32\OLEAUT32.dll
0x00007ffe54f00000 - 0x00007ffe54f3b000 	C:\WINDOWS\SYSTEM32\dbgcore.DLL
0x00007ffe6d9c0000 - 0x00007ffe6da6c000 	C:\WINDOWS\System32\bcryptPrimitives.dll
0x00007ffe61680000 - 0x00007ffe6168f000 	c:\Users\patil\.vscode\extensions\redhat.java-1.56.0-win32-x64\jre\21.0.12.1-win32-x86_64\bin\instrument.dll
0x00007ffe41d80000 - 0x00007ffe41da0000 	c:\Users\patil\.vscode\extensions\redhat.java-1.56.0-win32-x64\jre\21.0.12.1-win32-x86_64\bin\java.dll
0x00007ffe6f540000 - 0x00007ffe6fcd8000 	C:\WINDOWS\System32\SHELL32.dll
0x00007ffe6b3a0000 - 0x00007ffe6bc4e000 	C:\WINDOWS\SYSTEM32\windows.storage.dll
0x00007ffe705c0000 - 0x00007ffe706bb000 	C:\WINDOWS\System32\SHCORE.dll
0x00007ffe6f440000 - 0x00007ffe6f4a6000 	C:\WINDOWS\System32\shlwapi.dll
0x00007ffe6d820000 - 0x00007ffe6d849000 	C:\WINDOWS\SYSTEM32\profapi.dll
0x00007ffe3a960000 - 0x00007ffe3a978000 	c:\Users\patil\.vscode\extensions\redhat.java-1.56.0-win32-x64\jre\21.0.12.1-win32-x86_64\bin\zip.dll
0x00007ffe59830000 - 0x00007ffe59840000 	C:\Users\patil\.vscode\extensions\redhat.java-1.56.0-win32-x64\jre\21.0.12.1-win32-x86_64\bin\net.dll
0x00007ffe626a0000 - 0x00007ffe627ca000 	C:\WINDOWS\SYSTEM32\WINHTTP.dll
0x00007ffe6cb90000 - 0x00007ffe6cbfc000 	C:\WINDOWS\system32\mswsock.dll
0x00007ffe240d0000 - 0x00007ffe240e6000 	C:\Users\patil\.vscode\extensions\redhat.java-1.56.0-win32-x64\jre\21.0.12.1-win32-x86_64\bin\nio.dll
0x00007ffe597f0000 - 0x00007ffe59800000 	c:\Users\patil\.vscode\extensions\redhat.java-1.56.0-win32-x64\jre\21.0.12.1-win32-x86_64\bin\verify.dll
0x00007ffe10d90000 - 0x00007ffe10dd5000 	C:\Users\patil\AppData\Roaming\Code\User\globalStorage\redhat.java\1.56.0\config_win\org.eclipse.equinox.launcher\org.eclipse.equinox.launcher.win32.win32.x86_64_1.3.100.v20260804-1928\eclipse_11924.dll
0x00007ffe6e8b0000 - 0x00007ffe6ea4a000 	C:\WINDOWS\System32\ole32.dll
0x00007ffe6ce80000 - 0x00007ffe6ce9b000 	C:\WINDOWS\SYSTEM32\CRYPTSP.dll
0x00007ffe6c530000 - 0x00007ffe6c569000 	C:\WINDOWS\system32\rsaenh.dll
0x00007ffe6cc40000 - 0x00007ffe6cc74000 	C:\WINDOWS\SYSTEM32\USERENV.dll
0x00007ffe6d7f0000 - 0x00007ffe6d81a000 	C:\WINDOWS\SYSTEM32\bcrypt.dll
0x00007ffe6cea0000 - 0x00007ffe6ceac000 	C:\WINDOWS\SYSTEM32\CRYPTBASE.dll
0x00007ffe6bfa0000 - 0x00007ffe6bfd3000 	C:\WINDOWS\SYSTEM32\IPHLPAPI.DLL
0x00007ffe6ea50000 - 0x00007ffe6ea5a000 	C:\WINDOWS\System32\NSI.dll
0x00007ffe0dc80000 - 0x00007ffe0dcc9000 	C:\Users\patil\AppData\Local\Temp\jna-106438918\jna2902743337549823519.dll
0x00007ffe70120000 - 0x00007ffe70128000 	C:\WINDOWS\System32\PSAPI.DLL
0x00007ffe593e0000 - 0x00007ffe593ea000 	C:\Users\patil\.vscode\extensions\redhat.java-1.56.0-win32-x64\jre\21.0.12.1-win32-x86_64\bin\management.dll
0x00007ffe55410000 - 0x00007ffe5541c000 	C:\Users\patil\.vscode\extensions\redhat.java-1.56.0-win32-x64\jre\21.0.12.1-win32-x86_64\bin\management_ext.dll
0x00007ffe63870000 - 0x00007ffe6388d000 	C:\WINDOWS\SYSTEM32\dhcpcsvc6.DLL
0x00007ffe62590000 - 0x00007ffe625b5000 	C:\WINDOWS\SYSTEM32\dhcpcsvc.DLL
0x00007ffe6c030000 - 0x00007ffe6c188000 	C:\WINDOWS\SYSTEM32\DNSAPI.dll
0x00007ffe6c990000 - 0x00007ffe6c99d000 	C:\WINDOWS\SYSTEM32\DSPARSE.dll
0x00007ffe63860000 - 0x00007ffe6386b000 	C:\Windows\System32\rasadhlp.dll
0x00007ffe610f0000 - 0x00007ffe61176000 	C:\WINDOWS\System32\fwpuclnt.dll
0x00007ffe63d50000 - 0x00007ffe63d59000 	C:\Users\patil\.vscode\extensions\redhat.java-1.56.0-win32-x64\jre\21.0.12.1-win32-x86_64\bin\extnet.dll
0x00007ffe63d60000 - 0x00007ffe63d6e000 	C:\Users\patil\.vscode\extensions\redhat.java-1.56.0-win32-x64\jre\21.0.12.1-win32-x86_64\bin\sunmscapi.dll
0x00007ffe6e1d0000 - 0x00007ffe6e34e000 	C:\WINDOWS\System32\CRYPT32.dll
0x00007ffe6d0c0000 - 0x00007ffe6d0f0000 	C:\WINDOWS\SYSTEM32\ncrypt.dll
0x00007ffe6d070000 - 0x00007ffe6d0af000 	C:\WINDOWS\SYSTEM32\NTASN1.dll
0x00007ffe6c700000 - 0x00007ffe6c736000 	C:\WINDOWS\SYSTEM32\ntmarta.dll

JVMTI agents:
c:\Users\patil\.vscode\extensions\redhat.java-1.56.0-win32-x64\lombok\lombok-1.18.39-4050.jar path:c:\Users\patil\.vscode\extensions\redhat.java-1.56.0-win32-x64\jre\21.0.12.1-win32-x86_64\bin\instrument.dll, loaded, initialized, instrumentlib options:none

dbghelp: loaded successfully - version: 4.0.5 - missing functions: none
symbol engine: initialized successfully - sym options: 0x614 - pdb path: .;c:\Users\patil\.vscode\extensions\redhat.java-1.56.0-win32-x64\jre\21.0.12.1-win32-x86_64\bin;C:\WINDOWS\SYSTEM32;C:\WINDOWS\WinSxS\amd64_microsoft.windows.common-controls_6595b64144ccf1df_6.0.26100.9278_none_3e0d1ba8e3303201;c:\Users\patil\.vscode\extensions\redhat.java-1.56.0-win32-x64\jre\21.0.12.1-win32-x86_64\bin\server;C:\Users\patil\AppData\Roaming\Code\User\globalStorage\redhat.java\1.56.0\config_win\org.eclipse.equinox.launcher\org.eclipse.equinox.launcher.win32.win32.x86_64_1.3.100.v20260804-1928;C:\Users\patil\AppData\Local\Temp\jna-106438918

VM Arguments:
jvm_args: --add-modules=ALL-SYSTEM --add-opens=java.base/java.util=ALL-UNNAMED --add-opens=java.base/java.lang=ALL-UNNAMED --add-opens=java.base/sun.nio.fs=ALL-UNNAMED -Declipse.application=org.eclipse.jdt.ls.core.id1 -Dosgi.bundles.defaultStartLevel=4 -Declipse.product=org.eclipse.jdt.ls.core.product -Djava.import.generatesMetadataFilesAtProjectRoot=false -Dm2e.project.cache.size=50 -DDetectVMInstallationsJob.disabled=true -Dfile.encoding=utf8 -XX:+UseParallelGC -XX:GCTimeRatio=4 -XX:AdaptiveSizePolicyWeight=90 -Dsun.zip.disableMemoryMapping=true -Xmx2G -Xms100m -Xlog:disable -javaagent:c:\Users\patil\.vscode\extensions\redhat.java-1.56.0-win32-x64\lombok\lombok-1.18.39-4050.jar -XX:+HeapDumpOnOutOfMemoryError -XX:HeapDumpPath=c:\Users\patil\AppData\Roaming\Code\User\workspaceStorage\ab666589032850b3f7dae6f0dc77d72e\redhat.java -Daether.dependencyCollector.impl=bf 
java_command: c:\Users\patil\.vscode\extensions\redhat.java-1.56.0-win32-x64\server\plugins\org.eclipse.equinox.launcher_1.8.0.v20260804-1928.jar -configuration c:\Users\patil\AppData\Roaming\Code\User\globalStorage\redhat.java\1.56.0\config_win -data c:\Users\patil\AppData\Roaming\Code\User\workspaceStorage\ab666589032850b3f7dae6f0dc77d72e\redhat.java\jdt_ws --stdio
java_class_path (initial): c:\Users\patil\.vscode\extensions\redhat.java-1.56.0-win32-x64\server\plugins\org.eclipse.equinox.launcher_1.8.0.v20260804-1928.jar
Launcher Type: SUN_STANDARD

[Global flags]
    uintx AdaptiveSizePolicyWeight                 = 90                                        {product} {command line}
     intx CICompilerCount                          = 3                                         {product} {ergonomic}
    uintx GCTimeRatio                              = 4                                         {product} {command line}
     bool HeapDumpOnOutOfMemoryError               = true                                   {manageable} {command line}
    ccstr HeapDumpPath                             = c:\Users\patil\AppData\Roaming\Code\User\workspaceStorage\ab666589032850b3f7dae6f0dc77d72e\redhat.java         {manageable} {command line}
   size_t InitialHeapSize                          = 104857600                                 {product} {command line}
   size_t MaxHeapSize                              = 2147483648                                {product} {command line}
   size_t MaxNewSize                               = 715653120                                 {product} {ergonomic}
   size_t MinHeapDeltaBytes                        = 524288                                    {product} {ergonomic}
   size_t MinHeapSize                              = 104857600                                 {product} {command line}
   size_t NewSize                                  = 34603008                                  {product} {ergonomic}
    uintx NonNMethodCodeHeapSize                   = 5832780                                {pd product} {ergonomic}
    uintx NonProfiledCodeHeapSize                  = 122912730                              {pd product} {ergonomic}
   size_t OldSize                                  = 70254592                                  {product} {ergonomic}
    uintx ProfiledCodeHeapSize                     = 122912730                              {pd product} {ergonomic}
    uintx ReservedCodeCacheSize                    = 251658240                              {pd product} {ergonomic}
     bool SegmentedCodeCache                       = true                                      {product} {ergonomic}
   size_t SoftMaxHeapSize                          = 2147483648                             {manageable} {ergonomic}
     bool UseCompressedOops                        = true                           {product lp64_product} {ergonomic}
     bool UseLargePagesIndividualAllocation        = false                                  {pd product} {ergonomic}
     bool UseParallelGC                            = true                                      {product} {command line}

Logging:
Log output configuration:
 #0: stdout all=off uptime,level,tags foldmultilines=false
 #1: stderr all=off uptime,level,tags foldmultilines=false

Release file:
JAVA_VERSION="21.0.12.1" 
MODULES="java.base java.compiler java.datatransfer java.xml java.prefs java.desktop java.instrument java.logging java.management java.security.sasl java.naming java.rmi java.management.rmi java.net.http java.scripting java.security.jgss java.transaction.xa java.sql java.sql.rowset java.xml.crypto java.se java.smartcardio jdk.accessibility jdk.internal.jvmstat jdk.attach jdk.charsets jdk.internal.opt jdk.zipfs jdk.compiler jdk.crypto.ec jdk.crypto.cryptoki jdk.crypto.mscapi jdk.dynalink jdk.internal.ed jdk.editpad jdk.hotspot.agent jdk.httpserver jdk.internal.le jdk.internal.vm.ci jdk.internal.vm.compiler jdk.internal.vm.compiler.management jdk.jartool jdk.javadoc jdk.jcmd jdk.management jdk.management.agent jdk.jconsole jdk.jdeps jdk.jdwp.agent jdk.jdi jdk.jfr jdk.jshell jdk.jsobject jdk.jstatd jdk.localedata jdk.management.jfr jdk.naming.dns jdk.naming.rmi jdk.net jdk.nio.mapmode jdk.random jdk.sctp jdk.security.auth jdk.security.jgss jdk.unsupported jdk.unsupported.desktop jdk.xml.dom" 

Environment Variables:
JAVA_HOME=C:\Program Files\Java\jdk-25.0.4.1
PATH=C:\Program Files\Common Files\Oracle\Java\javapath;C:\WINDOWS\system32;C:\WINDOWS;C:\WINDOWS\System32\Wbem;C:\WINDOWS\System32\WindowsPowerShell\v1.0\;C:\WINDOWS\System32\OpenSSH\;C:\Program Files\nodejs\;C:\Program Files\Git\cmd;C:\Program Files\Apache\Maven\apache-maven-3.9.16\bin;C:\Program Files\MySQL\MySQL Shell 8.0\bin\;C:\Users\patil\AppData\Local\Microsoft\WindowsApps;C:\Users\patil\AppData\Roaming\npm;C:\Users\patil\AppData\Local\Programs\Microsoft VS Code\bin;C:\Users\patil\AppData\Local\GitHubDesktop\bin;C:\Users\patil\AppData\Local\Programs\Antigravity\bin;C:\Users\patil\AppData\Local\Programs\Antigravity IDE\bin;C:\Users\patil\AppData\Local\JetBrains\Toolbox\scripts;
USERNAME=patil
OS=Windows_NT
PROCESSOR_IDENTIFIER=AMD64 Family 23 Model 24 Stepping 1, AuthenticAMD
TMP=C:\Users\patil\AppData\Local\Temp
TEMP=C:\Users\patil\AppData\Local\Temp




Periodic native trim disabled

---------------  S Y S T E M  ---------------

OS:
 Windows 11 , 64 bit Build 26100 (10.0.26100.9444)
OS uptime: 0 days 2:51 hours

CPU: total 4 (initial active 4) (4 cores per cpu, 1 threads per core) family 23 model 24 stepping 1 microcode 0x8108102, cx8, cmov, fxsr, mmx, 3dnowpref, sse, sse2, sse3, ssse3, sse4a, sse4.1, sse4.2, popcnt, lzcnt, tsc, tscinvbit, avx, avx2, aes, clmul, bmi1, bmi2, adx, sha, fma, vzeroupper, clflush, clflushopt, rdtscp, f16c
Processor Information for the first 4 processors :
  Max Mhz: 2100, Current Mhz: 2100, Mhz Limit: 2100

Memory: 4k page, system-wide physical 3530M (258M free)
TotalPageFile size 14282M (AvailPageFile size 76M)
current process WorkingSet (physical memory assigned to process): 7M, peak: 424M
current process commit charge ("private bytes"): 1675M, peak: 1696M

vm_info: OpenJDK 64-Bit Server VM (21.0.12.1+1-LTS) for windows-amd64 JRE (21.0.12.1+1-LTS), built on 2026-08-18T00:00:00Z by "admin" with MS VC++ 17.12 (VS2022)

END.
